[2024-03-19 15:16:49] [INFO] Test message
[2024-03-19 15:17:01] [INFO] Test message
